// Jest Snapshot v1, https://goo.gl/fbAQLP

exports[`(Styled Component) DefaultSection matching the snapshot 1`] = `
.c0 {
  border-radius: 0.3rem;
  padding-top: 1rem;
  padding-bottom: 1rem;
  padding-left: 2rem;
  padding-right: 2rem;
  background-color: #F8F8F8;
  position: relative;
  box-sizing: border-box;
}

.c0 > .c1 {
  text-align: left;
  margin-bottom: 0;
  text-transform: uppercase;
  font-family: "ff-din-web",Helvetica,Arial,sans-serif;
  position: absolute;
  top: 1rem;
  line-height: 2rem;
  vertical-align: text-bottom;
  right: 2rem;
}

.c0 main {
  margin-top: 4rem;
}

@media (min-width:76.8em) {
  .c0 {
    padding-top: 1.5rem;
    padding-bottom: 1.5rem;
  }
}

@media (min-width:76.8em) {
  .c0 > .c1 {
    top: 1.5rem;
  }
}

@media (min-width:76.8em) {
  .c0 .sc-elJkPf,
  .c0 .sc-jtRfpW {
    margin: 0 2rem;
  }
}

<styled.section>
  <section
    className="c0"
  />
</styled.section>
`;
