// Jest Snapshot v1, https://goo.gl/fbAQLP

exports[`(Styled Componenet) Button matching the snapshot 1`] = `
.c1 {
  box-sizing: border-box;
  height: 50px;
  padding: 0 01.5rem;
  text-align: center;
  -webkit-letter-spacing: 1px;
  -moz-letter-spacing: 1px;
  -ms-letter-spacing: 1px;
  letter-spacing: 1px;
  text-transform: uppercase;
  border-radius: .2rem;
  font-family: "ff-din-web",Helvetica,Arial,sans-serif;
  font-size: 1.4rem;
  font-weight: 500;
  -webkit-transition: background-color 0.25s ease-in, border-color 0.25s ease-in, color 0.25s ease-in;
  transition: background-color 0.25s ease-in, border-color 0.25s ease-in, color 0.25s ease-in;
}

.c1 .c2 {
  display: inline-block;
}

.c1:hover {
  cursor: pointer;
}

.c1:hover > * {
  cursor: pointer;
}

.c1:focus {
  outline: 0;
}

.c1,
.c1:active {
  border-style: solid;
}

.c1 > span {
  display: -webkit-box;
  display: -webkit-flex;
  display: -ms-flexbox;
  display: flex;
  -webkit-box-pack: center;
  -webkit-justify-content: center;
  -ms-flex-pack: center;
  justify-content: center;
  -webkit-align-items: center;
  -webkit-box-align: center;
  -ms-flex-align: center;
  align-items: center;
}

.c1 > span > * {
  vertical-align: middle;
}

.c0 {
  background-color: #0073D1;
  border-color: transparent;
  color: #FFFFFF;
}

.c0:hover {
  background-color: #0073EB;
}

<Styled(Styled(CustomButton))
  block={false}
  checkmark={[Function]}
  kind="regular"
  spinner={[Function]}
>
  <Styled(CustomButton)
    block={false}
    checkmark={[Function]}
    className="c0"
    height="50px"
    kind="regular"
    spinner={[Function]}
  >
    <CustomButton
      block={false}
      checkmark={[Function]}
      className="c0 c1"
      height="50px"
      kind="regular"
      spinner={[Function]}
    >
      <button
        className="c0 c1"
        height="50px"
        kind="regular"
      >
        <span>
          Example
        </span>
      </button>
    </CustomButton>
  </Styled(CustomButton)>
</Styled(Styled(CustomButton))>
`;
