// Jest Snapshot v1, https://goo.gl/fbAQLP

exports[`(Styled Component) H1 matching the snapshot 1`] = `
.c0 {
  -webkit-letter-spacing: .1rem;
  -moz-letter-spacing: .1rem;
  -ms-letter-spacing: .1rem;
  letter-spacing: .1rem;
  text-transform: uppercase;
  color: #00003C;
  font-family: "din-cond","din-condensed-web",Arial,sans-serif;
  font-size: 3.2rem;
  font-weight: 500;
  line-height: 1.3;
  margin: 5.5rem 0;
}

@media (min-width:769px) {
  .c0 {
    font-size: 4.2rem;
  }
}

@media (min-width:769px) {
  .c0 {
    line-height: 1.0476190476190477;
  }
}

<h1
  className="c0"
  color="textPrimary"
  letterSpacing=".1rem"
/>
`;
