// Jest Snapshot v1, https://goo.gl/fbAQLP

exports[`(Base Component) Rect matching the snapshot 1`] = `
<rect
  height="185"
  rx="10"
  ry="10"
  width="185"
  x="2.5"
  y="2.5"
/>
`;

exports[`(Base Component) StyledRect matching the snapshot 1`] = `
.c0 {
  fill: none;
  stroke-width: 20;
  stroke-linecap: round;
}

<Rect
  className="c0"
/>
`;
