// Jest Snapshot v1, https://goo.gl/fbAQLP

exports[`(Base Component) ColorsInterface matching the snapshot 1`] = `
.c2 {
  display: none;
}

.c0 {
  display: none;
}

.c1 {
  -webkit-letter-spacing: normal;
  -moz-letter-spacing: normal;
  -ms-letter-spacing: normal;
  letter-spacing: normal;
  font-family: "ff-din-web",Helvetica,Arial,sans-serif;
  font-size: 14px;
  line-height: normal;
  text-align: inherit;
  margin-top: 0;
  margin-bottom: 0;
  color: #00003C;
}

.c4 {
  font-size: 0;
  margin-left: 0.5rem;
}

.c4 img {
  border-radius: 50%;
  height: 2rem;
  width: 2rem;
  padding: 0.2rem;
  border: 1px solid;
  border-color: transparent;
}

.c4 img:hover {
  border-color: #D5D5D5;
  cursor: pointer;
}

.c4 input:checked + img {
  border-color: #979797;
}

.c4 input {
  height: 0;
  width: 0;
  opacity: 0;
  position: absolute;
}

.c3 {
  display: -webkit-box;
  display: -webkit-flex;
  display: -ms-flexbox;
  display: flex;
  -webkit-flex-wrap: wrap;
  -ms-flex-wrap: wrap;
  flex-wrap: wrap;
}

@media (min-width:961px) {
  .c2 {
    display: block;
  }
}

@media (max-width:959px) {
  .c0 {
    display: block;
  }
}

<ColorsInterface
  colorways={
    Array [
      Object {
        "code": "7254-300",
        "color": "Pepper Green",
        "id": 4484,
        "shots": Array [
          Object {
            "cloudinary_key": "production/catalog/mu8h3v2gdaw8bf9sp3ui",
            "id": 2736986,
            "shot_type": "back",
          },
          Object {
            "cloudinary_key": "production/catalog/la6b2vceu6ivonfp3j8r",
            "id": 2736987,
            "shot_type": "front",
          },
          Object {
            "cloudinary_key": "production/catalog/wpnzyaxvwis3wfrb3xpb",
            "id": 2736988,
            "shot_type": "on_model",
          },
        ],
        "skus": Array [
          Object {
            "cost_price": null,
            "id": 19579,
            "in_stock": true,
            "price": 22.5,
            "size": "4",
            "sku": "7254-300-I",
          },
          Object {
            "cost_price": null,
            "id": 19580,
            "in_stock": true,
            "price": 22.5,
            "size": "6",
            "sku": "7254-300-L",
          },
          Object {
            "cost_price": null,
            "id": 19581,
            "in_stock": true,
            "price": 22.5,
            "size": "7",
            "sku": "7254-300-M",
          },
          Object {
            "cost_price": null,
            "id": 19582,
            "in_stock": true,
            "price": 22.5,
            "size": "10",
            "sku": "7254-300-N",
          },
          Object {
            "cost_price": null,
            "id": 19583,
            "in_stock": true,
            "price": 22.5,
            "size": "12",
            "sku": "7254-300-O",
          },
          Object {
            "cost_price": null,
            "id": 19584,
            "in_stock": true,
            "price": 22.5,
            "size": "5",
            "sku": "7254-300-K",
          },
          Object {
            "cost_price": null,
            "id": 19585,
            "in_stock": true,
            "price": 22.5,
            "size": "8",
            "sku": "7254-300-E",
          },
          Object {
            "cost_price": null,
            "id": 19586,
            "in_stock": true,
            "price": 22.5,
            "size": "3",
            "sku": "7254-300-H",
          },
        ],
        "slug": "peppergreen",
        "swatch_cloudinary_key": null,
      },
      Object {
        "code": "7254-2B5",
        "color": "Clear Sky Blue",
        "id": 4485,
        "shots": Array [
          Object {
            "cloudinary_key": "production/catalog/ysjye2byyklzm2qade0r",
            "id": 2736998,
            "shot_type": "back",
          },
          Object {
            "cloudinary_key": "production/catalog/lyvrgfbajuuwq2w6jfxu",
            "id": 2736999,
            "shot_type": "front",
          },
        ],
        "skus": Array [
          Object {
            "cost_price": null,
            "id": 19587,
            "in_stock": true,
            "price": 22.5,
            "size": "4",
            "sku": "7254-2B5-I",
          },
          Object {
            "cost_price": null,
            "id": 19588,
            "in_stock": true,
            "price": 22.5,
            "size": "12",
            "sku": "7254-2B5-O",
          },
          Object {
            "cost_price": null,
            "id": 19589,
            "in_stock": true,
            "price": 22.5,
            "size": "6",
            "sku": "7254-2B5-L",
          },
          Object {
            "cost_price": null,
            "id": 19590,
            "in_stock": true,
            "price": 22.5,
            "size": "10",
            "sku": "7254-2B5-N",
          },
          Object {
            "cost_price": null,
            "id": 19591,
            "in_stock": true,
            "price": 22.5,
            "size": "5",
            "sku": "7254-2B5-K",
          },
          Object {
            "cost_price": null,
            "id": 19592,
            "in_stock": true,
            "price": 22.5,
            "size": "7",
            "sku": "7254-2B5-M",
          },
          Object {
            "cost_price": null,
            "id": 19593,
            "in_stock": true,
            "price": 22.5,
            "size": "8",
            "sku": "7254-2B5-E",
          },
          Object {
            "cost_price": null,
            "id": 19594,
            "in_stock": true,
            "price": 22.5,
            "size": "3",
            "sku": "7254-2B5-H",
          },
        ],
        "slug": "clearskyblue",
        "swatch_cloudinary_key": null,
      },
    ]
  }
  onChange={[Function]}
  productId="1234-567-890"
  selected="7254-300"
>
  <div>
    <Styled(Component)
      display="block"
      displayTarget="belowTabletMax"
      element="div"
    >
      <Component
        className="c0"
        display="block"
        displayTarget="belowTabletMax"
        element="div"
      >
        <div
          className="c0"
          display="block"
        >
          <styled.p
            align="inherit"
            color="textPrimary"
            fontSize="14px"
            marginBottom="none"
            marginTop="none"
          >
            <p
              className="c1"
              color="textPrimary"
              fontSize="14px"
            >
              2
               colors available
            </p>
          </styled.p>
        </div>
      </Component>
    </Styled(Component)>
    <Styled(Component)
      display="block"
      element="div"
    >
      <Component
        className="c2"
        display="block"
        element="div"
      >
        <div
          className="c2"
          display="block"
        >
          <styled.div>
            <div
              className="c3"
            >
              <styled.p
                align="inherit"
                color="textPrimary"
                fontSize="14px"
                marginBottom="none"
                marginTop="none"
              >
                <p
                  className="c1"
                  color="textPrimary"
                  fontSize="14px"
                >
                  Colors
                </p>
              </styled.p>
              <Styled(ColorPicker)
                alt="7254-300"
                input={
                  Object {
                    "checked": true,
                    "onChange": [Function],
                    "value": "7254-300",
                  }
                }
                key="1234-567-890-7254-300"
                src="https://d2lknnt52h7uhg.cloudfront.net/roa-canon/image/upload/c_scale,q_100,t_swatch_v2,w_40/v1/production/catalog/la6b2vceu6ivonfp3j8r.jpg"
              >
                <ColorPicker
                  alt="7254-300"
                  className="c4"
                  input={
                    Object {
                      "checked": true,
                      "onChange": [Function],
                      "value": "7254-300",
                    }
                  }
                  src="https://d2lknnt52h7uhg.cloudfront.net/roa-canon/image/upload/c_scale,q_100,t_swatch_v2,w_40/v1/production/catalog/la6b2vceu6ivonfp3j8r.jpg"
                >
                  <label
                    className="c4"
                  >
                    7254-300
                    <input
                      checked={true}
                      onChange={[Function]}
                      type="radio"
                      value="7254-300"
                    />
                    <InlineImage
                      alt="7254-300"
                      src="https://d2lknnt52h7uhg.cloudfront.net/roa-canon/image/upload/c_scale,q_100,t_swatch_v2,w_40/v1/production/catalog/la6b2vceu6ivonfp3j8r.jpg"
                    >
                      <img
                        alt="7254-300"
                        src="https://d2lknnt52h7uhg.cloudfront.net/roa-canon/image/upload/c_scale,q_100,t_swatch_v2,w_40/v1/production/catalog/la6b2vceu6ivonfp3j8r.jpg"
                      />
                    </InlineImage>
                  </label>
                </ColorPicker>
              </Styled(ColorPicker)>
              <Styled(ColorPicker)
                alt="7254-2B5"
                input={
                  Object {
                    "checked": false,
                    "onChange": [Function],
                    "value": "7254-2B5",
                  }
                }
                key="1234-567-890-7254-2B5"
                src="https://d2lknnt52h7uhg.cloudfront.net/roa-canon/image/upload/c_scale,q_100,t_swatch_v2,w_40/v1/production/catalog/lyvrgfbajuuwq2w6jfxu.jpg"
              >
                <ColorPicker
                  alt="7254-2B5"
                  className="c4"
                  input={
                    Object {
                      "checked": false,
                      "onChange": [Function],
                      "value": "7254-2B5",
                    }
                  }
                  src="https://d2lknnt52h7uhg.cloudfront.net/roa-canon/image/upload/c_scale,q_100,t_swatch_v2,w_40/v1/production/catalog/lyvrgfbajuuwq2w6jfxu.jpg"
                >
                  <label
                    className="c4"
                  >
                    7254-2B5
                    <input
                      checked={false}
                      onChange={[Function]}
                      type="radio"
                      value="7254-2B5"
                    />
                    <InlineImage
                      alt="7254-2B5"
                      src="https://d2lknnt52h7uhg.cloudfront.net/roa-canon/image/upload/c_scale,q_100,t_swatch_v2,w_40/v1/production/catalog/lyvrgfbajuuwq2w6jfxu.jpg"
                    >
                      <img
                        alt="7254-2B5"
                        src="https://d2lknnt52h7uhg.cloudfront.net/roa-canon/image/upload/c_scale,q_100,t_swatch_v2,w_40/v1/production/catalog/lyvrgfbajuuwq2w6jfxu.jpg"
                      />
                    </InlineImage>
                  </label>
                </ColorPicker>
              </Styled(ColorPicker)>
            </div>
          </styled.div>
        </div>
      </Component>
    </Styled(Component)>
  </div>
</ColorsInterface>
`;

exports[`(Styled Component) ColorsInterface matching the snapshot 1`] = `
.c2 {
  display: none;
}

.c0 {
  display: none;
}

.c1 {
  -webkit-letter-spacing: normal;
  -moz-letter-spacing: normal;
  -ms-letter-spacing: normal;
  letter-spacing: normal;
  font-family: "ff-din-web",Helvetica,Arial,sans-serif;
  font-size: 14px;
  line-height: normal;
  text-align: inherit;
  margin-top: 0;
  margin-bottom: 0;
  color: #00003C;
}

.c4 {
  font-size: 0;
  margin-left: 0.5rem;
}

.c4 img {
  border-radius: 50%;
  height: 2rem;
  width: 2rem;
  padding: 0.2rem;
  border: 1px solid;
  border-color: transparent;
}

.c4 img:hover {
  border-color: #D5D5D5;
  cursor: pointer;
}

.c4 input:checked + img {
  border-color: #979797;
}

.c4 input {
  height: 0;
  width: 0;
  opacity: 0;
  position: absolute;
}

.c3 {
  display: -webkit-box;
  display: -webkit-flex;
  display: -ms-flexbox;
  display: flex;
  -webkit-flex-wrap: wrap;
  -ms-flex-wrap: wrap;
  flex-wrap: wrap;
}

@media (min-width:961px) {
  .c2 {
    display: block;
  }
}

@media (max-width:959px) {
  .c0 {
    display: block;
  }
}

<ColorsInterface
  colorways={
    Array [
      Object {
        "code": "7254-300",
        "color": "Pepper Green",
        "id": 4484,
        "shots": Array [
          Object {
            "cloudinary_key": "production/catalog/mu8h3v2gdaw8bf9sp3ui",
            "id": 2736986,
            "shot_type": "back",
          },
          Object {
            "cloudinary_key": "production/catalog/la6b2vceu6ivonfp3j8r",
            "id": 2736987,
            "shot_type": "front",
          },
          Object {
            "cloudinary_key": "production/catalog/wpnzyaxvwis3wfrb3xpb",
            "id": 2736988,
            "shot_type": "on_model",
          },
        ],
        "skus": Array [
          Object {
            "cost_price": null,
            "id": 19579,
            "in_stock": true,
            "price": 22.5,
            "size": "4",
            "sku": "7254-300-I",
          },
          Object {
            "cost_price": null,
            "id": 19580,
            "in_stock": true,
            "price": 22.5,
            "size": "6",
            "sku": "7254-300-L",
          },
          Object {
            "cost_price": null,
            "id": 19581,
            "in_stock": true,
            "price": 22.5,
            "size": "7",
            "sku": "7254-300-M",
          },
          Object {
            "cost_price": null,
            "id": 19582,
            "in_stock": true,
            "price": 22.5,
            "size": "10",
            "sku": "7254-300-N",
          },
          Object {
            "cost_price": null,
            "id": 19583,
            "in_stock": true,
            "price": 22.5,
            "size": "12",
            "sku": "7254-300-O",
          },
          Object {
            "cost_price": null,
            "id": 19584,
            "in_stock": true,
            "price": 22.5,
            "size": "5",
            "sku": "7254-300-K",
          },
          Object {
            "cost_price": null,
            "id": 19585,
            "in_stock": true,
            "price": 22.5,
            "size": "8",
            "sku": "7254-300-E",
          },
          Object {
            "cost_price": null,
            "id": 19586,
            "in_stock": true,
            "price": 22.5,
            "size": "3",
            "sku": "7254-300-H",
          },
        ],
        "slug": "peppergreen",
        "swatch_cloudinary_key": null,
      },
      Object {
        "code": "7254-2B5",
        "color": "Clear Sky Blue",
        "id": 4485,
        "shots": Array [
          Object {
            "cloudinary_key": "production/catalog/ysjye2byyklzm2qade0r",
            "id": 2736998,
            "shot_type": "back",
          },
          Object {
            "cloudinary_key": "production/catalog/lyvrgfbajuuwq2w6jfxu",
            "id": 2736999,
            "shot_type": "front",
          },
        ],
        "skus": Array [
          Object {
            "cost_price": null,
            "id": 19587,
            "in_stock": true,
            "price": 22.5,
            "size": "4",
            "sku": "7254-2B5-I",
          },
          Object {
            "cost_price": null,
            "id": 19588,
            "in_stock": true,
            "price": 22.5,
            "size": "12",
            "sku": "7254-2B5-O",
          },
          Object {
            "cost_price": null,
            "id": 19589,
            "in_stock": true,
            "price": 22.5,
            "size": "6",
            "sku": "7254-2B5-L",
          },
          Object {
            "cost_price": null,
            "id": 19590,
            "in_stock": true,
            "price": 22.5,
            "size": "10",
            "sku": "7254-2B5-N",
          },
          Object {
            "cost_price": null,
            "id": 19591,
            "in_stock": true,
            "price": 22.5,
            "size": "5",
            "sku": "7254-2B5-K",
          },
          Object {
            "cost_price": null,
            "id": 19592,
            "in_stock": true,
            "price": 22.5,
            "size": "7",
            "sku": "7254-2B5-M",
          },
          Object {
            "cost_price": null,
            "id": 19593,
            "in_stock": true,
            "price": 22.5,
            "size": "8",
            "sku": "7254-2B5-E",
          },
          Object {
            "cost_price": null,
            "id": 19594,
            "in_stock": true,
            "price": 22.5,
            "size": "3",
            "sku": "7254-2B5-H",
          },
        ],
        "slug": "clearskyblue",
        "swatch_cloudinary_key": null,
      },
    ]
  }
  onChange={[Function]}
  productId="1234-567-890"
  selected="7254-300"
>
  <div>
    <Styled(Component)
      display="block"
      displayTarget="belowTabletMax"
      element="div"
    >
      <Component
        className="c0"
        display="block"
        displayTarget="belowTabletMax"
        element="div"
      >
        <div
          className="c0"
          display="block"
        >
          <styled.p
            align="inherit"
            color="textPrimary"
            fontSize="14px"
            marginBottom="none"
            marginTop="none"
          >
            <p
              className="c1"
              color="textPrimary"
              fontSize="14px"
            >
              2
               colors available
            </p>
          </styled.p>
        </div>
      </Component>
    </Styled(Component)>
    <Styled(Component)
      display="block"
      element="div"
    >
      <Component
        className="c2"
        display="block"
        element="div"
      >
        <div
          className="c2"
          display="block"
        >
          <styled.div>
            <div
              className="c3"
            >
              <styled.p
                align="inherit"
                color="textPrimary"
                fontSize="14px"
                marginBottom="none"
                marginTop="none"
              >
                <p
                  className="c1"
                  color="textPrimary"
                  fontSize="14px"
                >
                  Colors
                </p>
              </styled.p>
              <Styled(ColorPicker)
                alt="7254-300"
                input={
                  Object {
                    "checked": true,
                    "onChange": [Function],
                    "value": "7254-300",
                  }
                }
                key="1234-567-890-7254-300"
                src="https://d2lknnt52h7uhg.cloudfront.net/roa-canon/image/upload/c_scale,q_100,t_swatch_v2,w_40/v1/production/catalog/la6b2vceu6ivonfp3j8r.jpg"
              >
                <ColorPicker
                  alt="7254-300"
                  className="c4"
                  input={
                    Object {
                      "checked": true,
                      "onChange": [Function],
                      "value": "7254-300",
                    }
                  }
                  src="https://d2lknnt52h7uhg.cloudfront.net/roa-canon/image/upload/c_scale,q_100,t_swatch_v2,w_40/v1/production/catalog/la6b2vceu6ivonfp3j8r.jpg"
                >
                  <label
                    className="c4"
                  >
                    7254-300
                    <input
                      checked={true}
                      onChange={[Function]}
                      type="radio"
                      value="7254-300"
                    />
                    <InlineImage
                      alt="7254-300"
                      src="https://d2lknnt52h7uhg.cloudfront.net/roa-canon/image/upload/c_scale,q_100,t_swatch_v2,w_40/v1/production/catalog/la6b2vceu6ivonfp3j8r.jpg"
                    >
                      <img
                        alt="7254-300"
                        src="https://d2lknnt52h7uhg.cloudfront.net/roa-canon/image/upload/c_scale,q_100,t_swatch_v2,w_40/v1/production/catalog/la6b2vceu6ivonfp3j8r.jpg"
                      />
                    </InlineImage>
                  </label>
                </ColorPicker>
              </Styled(ColorPicker)>
              <Styled(ColorPicker)
                alt="7254-2B5"
                input={
                  Object {
                    "checked": false,
                    "onChange": [Function],
                    "value": "7254-2B5",
                  }
                }
                key="1234-567-890-7254-2B5"
                src="https://d2lknnt52h7uhg.cloudfront.net/roa-canon/image/upload/c_scale,q_100,t_swatch_v2,w_40/v1/production/catalog/lyvrgfbajuuwq2w6jfxu.jpg"
              >
                <ColorPicker
                  alt="7254-2B5"
                  className="c4"
                  input={
                    Object {
                      "checked": false,
                      "onChange": [Function],
                      "value": "7254-2B5",
                    }
                  }
                  src="https://d2lknnt52h7uhg.cloudfront.net/roa-canon/image/upload/c_scale,q_100,t_swatch_v2,w_40/v1/production/catalog/lyvrgfbajuuwq2w6jfxu.jpg"
                >
                  <label
                    className="c4"
                  >
                    7254-2B5
                    <input
                      checked={false}
                      onChange={[Function]}
                      type="radio"
                      value="7254-2B5"
                    />
                    <InlineImage
                      alt="7254-2B5"
                      src="https://d2lknnt52h7uhg.cloudfront.net/roa-canon/image/upload/c_scale,q_100,t_swatch_v2,w_40/v1/production/catalog/lyvrgfbajuuwq2w6jfxu.jpg"
                    >
                      <img
                        alt="7254-2B5"
                        src="https://d2lknnt52h7uhg.cloudfront.net/roa-canon/image/upload/c_scale,q_100,t_swatch_v2,w_40/v1/production/catalog/lyvrgfbajuuwq2w6jfxu.jpg"
                      />
                    </InlineImage>
                  </label>
                </ColorPicker>
              </Styled(ColorPicker)>
            </div>
          </styled.div>
        </div>
      </Component>
    </Styled(Component)>
  </div>
</ColorsInterface>
`;
