// Jest Snapshot v1, https://goo.gl/fbAQLP

exports[`(Styled Component) InstagramRegion matching the snapshot 1`] = `
.c2 {
  -webkit-letter-spacing: .1rem;
  -moz-letter-spacing: .1rem;
  -ms-letter-spacing: .1rem;
  letter-spacing: .1rem;
  text-transform: uppercase;
  color: #00003C;
  font-family: "din-cond","din-condensed-web",Arial,sans-serif;
  font-size: 3.2rem;
  font-weight: 500;
  line-height: 1.3;
  margin: 5.5rem 0;
}

.c4 {
  -webkit-letter-spacing: normal;
  -moz-letter-spacing: normal;
  -ms-letter-spacing: normal;
  letter-spacing: normal;
  font-family: "ff-din-web",Helvetica,Arial,sans-serif;
  font-size: 1.6rem;
  line-height: normal;
  text-align: inherit;
  margin-top: 0;
  margin-bottom: 0;
  color: #00003C;
}

.c5 {
  width: 100%;
  padding: 0 7%;
}

.c5 .gifContainer {
  display: -webkit-box;
  display: -webkit-flex;
  display: -ms-flexbox;
  display: flex;
  -webkit-flex-wrap: wrap;
  -ms-flex-wrap: wrap;
  flex-wrap: wrap;
  -webkit-box-pack: center;
  -webkit-justify-content: center;
  -ms-flex-pack: center;
  justify-content: center;
}

.c5 .gifContainer > a {
  width: 50%;
  max-width: 28rem;
  padding: 1rem;
  box-sizing: border-box;
}

.c5 .gifContainer > a img {
  width: 100%;
  max-width: 26rem;
}

.c5 .gifContainer .gif {
  height: 260px;
  z-index: 0;
  padding-left: 5px;
}

.c0 {
  display: -webkit-box;
  display: -webkit-flex;
  display: -ms-flexbox;
  display: flex;
  -webkit-box-pack: center;
  -webkit-justify-content: center;
  -ms-flex-pack: center;
  justify-content: center;
  -webkit-flex-wrap: wrap;
  -ms-flex-wrap: wrap;
  flex-wrap: wrap;
}

.c0 > * {
  -webkit-flex: 1 1 100%;
  -ms-flex: 1 1 100%;
  flex: 1 1 100%;
  display: -webkit-box;
  display: -webkit-flex;
  display: -ms-flexbox;
  display: flex;
  -webkit-box-pack: center;
  -webkit-justify-content: center;
  -ms-flex-pack: center;
  justify-content: center;
}

.c0 .c1,
.c0 .c3 {
  margin-bottom: 2rem;
  text-align: center;
  padding-right: 10px;
  padding-left: 10px;
}

@media (min-width:769px) {
  .c2 {
    font-size: 4.2rem;
  }
}

@media (min-width:769px) {
  .c2 {
    line-height: 1.0476190476190477;
  }
}

@media (max-width:767px) {
  .c5 {
    display: block !important;
    padding: 0 2rem;
  }
}

@media (max-width:959px) {
  .c5 .gifContainer .gif {
    width: 14rem;
    height: auto;
    left: 0;
    position: absolute;
  }
}

@media (max-width:767px) {
  .c5 .gifContainer .gif {
    position: relative;
    padding-left: 0;
  }
}

@media (max-width:959px) {
  .c5 .gifContainer {
    width: 100%;
    -webkit-flex-direction: row;
    -ms-flex-direction: row;
    flex-direction: row;
    -webkit-box-pack: center;
    -webkit-justify-content: center;
    -ms-flex-pack: center;
    justify-content: center;
    -webkit-align-items: center;
    -webkit-box-align: center;
    -ms-flex-align: center;
    align-items: center;
    position: relative;
  }
}

@media (max-width:767px) {
  .c5 .gifContainer {
    display: block;
    text-align: center;
    margin-bottom: 20px;
  }
}

@media (min-width:1024px) {
  .c5 .gallery-container {
    padding-left: 5px;
  }
}

@media (max-width:1023px) {
  .c5 .gallery-container {
    margin-left: 14rem;
  }
}

@media (max-width:767px) {
  .c5 .gallery-container {
    margin-left: 0;
  }
}

@media (max-width:958px) {
  .c0 .c1 {
    font-size: 3.4rem;
  }
}

<Styled(BaseInstagramRegion)
  ariaLabel="Find us @ rockets of awesome"
  content="This is the example content"
  title="Example Title"
>
  <BaseInstagramRegion
    ariaLabel="Find us @ rockets of awesome"
    className="c0"
    content="This is the example content"
    title="Example Title"
  >
    <section
      className="c0"
    >
      <styled.h1
        aria-label="Find us @ rockets of awesome"
        color="textPrimary"
        fontSizes={
          Object {
            "desktop": "4.2rem",
            "mobile": "3.2rem",
          }
        }
        letterSpacing=".1rem"
        lineHeights={
          Object {
            "desktop": 1.0476190476190477,
            "mobile": 1.3,
          }
        }
        margin="5.5rem 0"
      >
        <h1
          aria-label="Find us @ rockets of awesome"
          className="c1 c2"
          color="textPrimary"
          letterSpacing=".1rem"
        >
          Example Title
        </h1>
      </styled.h1>
      <styled.p
        align="inherit"
        color="textPrimary"
        fontSize="1.6rem"
        marginBottom="none"
        marginTop="none"
      >
        <p
          className="c3 c4"
          color="textPrimary"
          fontSize="1.6rem"
        >
          This is the example content
        </p>
      </styled.p>
      <WithTheme(Styled(BaseInstagram))>
        <Styled(BaseInstagram)
          theme={
            Object {
              "base": undefined,
              "basePxSize": 10,
              "borders": Object {
                "inputBorder": "1px solid",
              },
              "breakpoints": Object {
                "aboveDesktop": "(min-width: 1441px)",
                "aboveIncludingDesktop": "(min-width: 1440px)",
                "aboveIncludingLaptop": "(min-width: 1024px)",
                "aboveIncludingMobileNav": "(min-width: 889px)",
                "aboveIncludingPhone": "(min-width: 320px)",
                "aboveIncludingPhoneMax": "(min-width: 414px)",
                "aboveIncludingTablet": "(min-width: 768px)",
                "aboveIncludingTabletMax": "(min-width: 960px)",
                "aboveLaptop": "(min-width: 1025px)",
                "aboveMobileNav": "(min-width: 890px)",
                "abovePhone": "(min-width: 321px)",
                "abovePhoneMax": "(min-width: 415px)",
                "aboveTablet": "(min-width: 769px)",
                "aboveTabletMax": "(min-width: 961px)",
                "belowDesktop": "(max-width: 1439px)",
                "belowLaptop": "(max-width: 1023px)",
                "belowMobileNav": "(max-width: 888px)",
                "belowPhone": "(max-width: 319px)",
                "belowPhoneMax": "(max-width: 413px)",
                "belowTablet": "(max-width: 767px)",
                "belowTabletMax": "(max-width: 959px)",
                "landscape": "(orientation: landscape)",
                "portrait": "(orientation: portrait)",
              },
              "breakpointsVerbose": Object {
                "aboveDesktop": [Function],
                "aboveIncludingDesktop": [Function],
                "aboveIncludingLaptop": [Function],
                "aboveIncludingMobileNav": [Function],
                "aboveIncludingPhone": [Function],
                "aboveIncludingPhoneMax": [Function],
                "aboveIncludingTablet": [Function],
                "aboveIncludingTabletMax": [Function],
                "aboveLaptop": [Function],
                "aboveMobileNav": [Function],
                "abovePhone": [Function],
                "abovePhoneMax": [Function],
                "aboveTablet": [Function],
                "aboveTabletMax": [Function],
                "belowDesktop": [Function],
                "belowLaptop": [Function],
                "belowMobileNav": [Function],
                "belowPhone": [Function],
                "belowPhoneMax": [Function],
                "belowTablet": [Function],
                "belowTabletMax": [Function],
                "landscape": [Function],
                "portrait": [Function],
              },
              "colors": Object {
                "black": "#000000",
                "borderPrimary": "#D5D5D5",
                "buttonBorderPrimary": "transparent",
                "buttonPrimary": "#0073D1",
                "buttonPrimaryHover": "#0073EB",
                "buttonSelected": "#00003C",
                "buttonTextPrimary": "#FFFFFF",
                "buttonUnselected": "#F3F3F3",
                "electricBlue": "#080CF1",
                "flameOrange": "#FF511C",
                "focusPrimary": "#0073D1",
                "gray": Array [
                  "#F3F3F3",
                  "#F5F5F5",
                  "#F8F8F8",
                  "#E6E6E6",
                  "#D5D5D5",
                  "#CFCFCF",
                  "#979797",
                  "#6e6e6e",
                ],
                "gray0": "#F3F3F3",
                "gray1": "#F5F5F5",
                "gray2": "#F8F8F8",
                "gray3": "#E6E6E6",
                "gray4": "#D5D5D5",
                "gray5": "#CFCFCF",
                "gray6": "#979797",
                "gray7": "#6e6e6e",
                "lightBlue": Array [
                  "#EEFCFF",
                  "#BCE1F7",
                  "#76C2F3",
                ],
                "lightBlue0": "#EEFCFF",
                "lightBlue1": "#BCE1F7",
                "lightBlue2": "#76C2F3",
                "lightPink": "#FBDDE4",
                "loading": "#BFBFBF",
                "navy": "#00003C",
                "pink": "#FEACBE",
                "red": "#FF511C",
                "rocketBlue": "#0073D1",
                "rocketBlueHover": "#0073EB",
                "shadyLady": "#979797",
                "textError": "#FF511C",
                "textPrimary": "#00003C",
                "textSecondary": "#0073D1",
                "white": "#FFFFFF",
                "yellow": "#F0FF02",
                "yellowHover": "#D8E320",
              },
              "fixedPosition": "relative",
              "fonts": Object {
                "headerFont": "\\"din-cond\\", \\"din-condensed-web\\", Arial, sans-serif",
                "primaryFont": "\\"ff-din-web\\", Helvetica, Arial, sans-serif",
                "secondaryFont": "\\"adobe-caslon-pro\\", Helvetica, Arial, serif",
              },
              "grid": Object {
                "columns": Object {
                  "desktop": 12,
                  "mobile": 4,
                  "tablet": 12,
                },
                "gutter": 2,
                "margins": Object {
                  "desktop": "7%",
                  "mobile": "3%",
                  "tablet": "7%",
                },
              },
              "media": Object {
                "desktop": [Function],
                "laptop": [Function],
                "mobileNav": [Function],
                "phone": [Function],
                "phoneMax": [Function],
                "tablet": [Function],
                "tabletMax": [Function],
              },
              "sizes": Object {
                "desktop": 1440,
                "laptop": 1024,
                "mobileNav": 889,
                "phone": 320,
                "phoneMax": 414,
                "tablet": 768,
                "tabletMax": 960,
              },
            }
          }
        >
          <BaseInstagram
            className="c5"
            theme={
              Object {
                "base": undefined,
                "basePxSize": 10,
                "borders": Object {
                  "inputBorder": "1px solid",
                },
                "breakpoints": Object {
                  "aboveDesktop": "(min-width: 1441px)",
                  "aboveIncludingDesktop": "(min-width: 1440px)",
                  "aboveIncludingLaptop": "(min-width: 1024px)",
                  "aboveIncludingMobileNav": "(min-width: 889px)",
                  "aboveIncludingPhone": "(min-width: 320px)",
                  "aboveIncludingPhoneMax": "(min-width: 414px)",
                  "aboveIncludingTablet": "(min-width: 768px)",
                  "aboveIncludingTabletMax": "(min-width: 960px)",
                  "aboveLaptop": "(min-width: 1025px)",
                  "aboveMobileNav": "(min-width: 890px)",
                  "abovePhone": "(min-width: 321px)",
                  "abovePhoneMax": "(min-width: 415px)",
                  "aboveTablet": "(min-width: 769px)",
                  "aboveTabletMax": "(min-width: 961px)",
                  "belowDesktop": "(max-width: 1439px)",
                  "belowLaptop": "(max-width: 1023px)",
                  "belowMobileNav": "(max-width: 888px)",
                  "belowPhone": "(max-width: 319px)",
                  "belowPhoneMax": "(max-width: 413px)",
                  "belowTablet": "(max-width: 767px)",
                  "belowTabletMax": "(max-width: 959px)",
                  "landscape": "(orientation: landscape)",
                  "portrait": "(orientation: portrait)",
                },
                "breakpointsVerbose": Object {
                  "aboveDesktop": [Function],
                  "aboveIncludingDesktop": [Function],
                  "aboveIncludingLaptop": [Function],
                  "aboveIncludingMobileNav": [Function],
                  "aboveIncludingPhone": [Function],
                  "aboveIncludingPhoneMax": [Function],
                  "aboveIncludingTablet": [Function],
                  "aboveIncludingTabletMax": [Function],
                  "aboveLaptop": [Function],
                  "aboveMobileNav": [Function],
                  "abovePhone": [Function],
                  "abovePhoneMax": [Function],
                  "aboveTablet": [Function],
                  "aboveTabletMax": [Function],
                  "belowDesktop": [Function],
                  "belowLaptop": [Function],
                  "belowMobileNav": [Function],
                  "belowPhone": [Function],
                  "belowPhoneMax": [Function],
                  "belowTablet": [Function],
                  "belowTabletMax": [Function],
                  "landscape": [Function],
                  "portrait": [Function],
                },
                "colors": Object {
                  "black": "#000000",
                  "borderPrimary": "#D5D5D5",
                  "buttonBorderPrimary": "transparent",
                  "buttonPrimary": "#0073D1",
                  "buttonPrimaryHover": "#0073EB",
                  "buttonSelected": "#00003C",
                  "buttonTextPrimary": "#FFFFFF",
                  "buttonUnselected": "#F3F3F3",
                  "electricBlue": "#080CF1",
                  "flameOrange": "#FF511C",
                  "focusPrimary": "#0073D1",
                  "gray": Array [
                    "#F3F3F3",
                    "#F5F5F5",
                    "#F8F8F8",
                    "#E6E6E6",
                    "#D5D5D5",
                    "#CFCFCF",
                    "#979797",
                    "#6e6e6e",
                  ],
                  "gray0": "#F3F3F3",
                  "gray1": "#F5F5F5",
                  "gray2": "#F8F8F8",
                  "gray3": "#E6E6E6",
                  "gray4": "#D5D5D5",
                  "gray5": "#CFCFCF",
                  "gray6": "#979797",
                  "gray7": "#6e6e6e",
                  "lightBlue": Array [
                    "#EEFCFF",
                    "#BCE1F7",
                    "#76C2F3",
                  ],
                  "lightBlue0": "#EEFCFF",
                  "lightBlue1": "#BCE1F7",
                  "lightBlue2": "#76C2F3",
                  "lightPink": "#FBDDE4",
                  "loading": "#BFBFBF",
                  "navy": "#00003C",
                  "pink": "#FEACBE",
                  "red": "#FF511C",
                  "rocketBlue": "#0073D1",
                  "rocketBlueHover": "#0073EB",
                  "shadyLady": "#979797",
                  "textError": "#FF511C",
                  "textPrimary": "#00003C",
                  "textSecondary": "#0073D1",
                  "white": "#FFFFFF",
                  "yellow": "#F0FF02",
                  "yellowHover": "#D8E320",
                },
                "fixedPosition": "relative",
                "fonts": Object {
                  "headerFont": "\\"din-cond\\", \\"din-condensed-web\\", Arial, sans-serif",
                  "primaryFont": "\\"ff-din-web\\", Helvetica, Arial, sans-serif",
                  "secondaryFont": "\\"adobe-caslon-pro\\", Helvetica, Arial, serif",
                },
                "grid": Object {
                  "columns": Object {
                    "desktop": 12,
                    "mobile": 4,
                    "tablet": 12,
                  },
                  "gutter": 2,
                  "margins": Object {
                    "desktop": "7%",
                    "mobile": "3%",
                    "tablet": "7%",
                  },
                },
                "media": Object {
                  "desktop": [Function],
                  "laptop": [Function],
                  "mobileNav": [Function],
                  "phone": [Function],
                  "phoneMax": [Function],
                  "tablet": [Function],
                  "tabletMax": [Function],
                },
                "sizes": Object {
                  "desktop": 1440,
                  "laptop": 1024,
                  "mobileNav": 889,
                  "phone": 320,
                  "phoneMax": 414,
                  "tablet": 768,
                  "tabletMax": 960,
                },
              }
            }
          >
            <div
              className="c5"
            >
              <div
                className="gifContainer"
              >
                <InlineImage
                  alt="Fun and animated illustration of phone and Instagram photo"
                  aria-hidden={true}
                  className="gif"
                  src="https://d2lknnt52h7uhg.cloudfront.net/roa-canon/image/upload/v1563995547/web/PHONE_STATIC.png"
                >
                  <img
                    alt="Fun and animated illustration of phone and Instagram photo"
                    aria-hidden={true}
                    className="gif"
                    src="https://d2lknnt52h7uhg.cloudfront.net/roa-canon/image/upload/v1563995547/web/PHONE_STATIC.png"
                  />
                </InlineImage>
              </div>
              <div
                className="gallery-container"
              >
                <div
                  className="yotpo yotpo-pictures-widget"
                  data-gallery-id="5fa029c167e297000789c89b"
                />
              </div>
            </div>
          </BaseInstagram>
        </Styled(BaseInstagram)>
      </WithTheme(Styled(BaseInstagram))>
    </section>
  </BaseInstagramRegion>
</Styled(BaseInstagramRegion)>
`;
