// Jest Snapshot v1, https://goo.gl/fbAQLP

exports[`(Styled Component) PersistentCartProductList matching the snapshot 1`] = `
.c0 {
  padding-bottom: 275px;
}

<BasePersistentCartProductList
  className="c0"
  hideCartSidebar={[Function]}
  isUpdatingQuantity={null}
  isUpdatingSize={null}
  lineItems={
    Array [
      Object {
        "adjustments": Array [],
        "amount": "24.5",
        "category": Array [
          "Tops",
          "Graphic Tees",
        ],
        "color": "Black",
        "colorway_slug": "black",
        "cost_price": null,
        "id": 2295178,
        "name": "Embellished Bolt Tee",
        "order_id": 627140,
        "price": "24.5",
        "product_id": 1560,
        "quantity": 1,
        "shot": Object {
          "cloudinary_key": "production/catalog/rlnrtg6z2e56zneqi9dl",
          "id": 2257441,
          "shot_type": "front",
        },
        "size": "10",
        "sku": "5601-007-N",
        "slug": "embellished-bolt-tee",
        "total": "24.5",
        "variant_id": 16975,
      },
    ]
  }
  removeItem={[Function]}
  segmentCartViewed={[Function]}
  updateBag={[Function]}
/>
`;
