// Jest Snapshot v1, https://goo.gl/fbAQLP

exports[`(Object) colors matching the snapshot 1`] = `
Object {
  "black": "#000000",
  "borderPrimary": "#D5D5D5",
  "buttonBorderPrimary": "transparent",
  "buttonPrimary": "#0073D1",
  "buttonPrimaryHover": "#0073EB",
  "buttonSelected": "#00003C",
  "buttonTextPrimary": "#FFFFFF",
  "buttonUnselected": "#F3F3F3",
  "electricBlue": "#080CF1",
  "flameOrange": "#FF511C",
  "focusPrimary": "#0073D1",
  "gray": Array [
    "#F3F3F3",
    "#F5F5F5",
    "#F8F8F8",
    "#E6E6E6",
    "#D5D5D5",
    "#CFCFCF",
    "#979797",
    "#6e6e6e",
  ],
  "gray0": "#F3F3F3",
  "gray1": "#F5F5F5",
  "gray2": "#F8F8F8",
  "gray3": "#E6E6E6",
  "gray4": "#D5D5D5",
  "gray5": "#CFCFCF",
  "gray6": "#979797",
  "gray7": "#6e6e6e",
  "lightBlue": Array [
    "#EEFCFF",
    "#BCE1F7",
    "#76C2F3",
  ],
  "lightBlue0": "#EEFCFF",
  "lightBlue1": "#BCE1F7",
  "lightBlue2": "#76C2F3",
  "lightPink": "#FBDDE4",
  "loading": "#BFBFBF",
  "navy": "#00003C",
  "pink": "#FEACBE",
  "red": "#FF511C",
  "rocketBlue": "#0073D1",
  "rocketBlueHover": "#0073EB",
  "shadyLady": "#979797",
  "textError": "#FF511C",
  "textPrimary": "#00003C",
  "textSecondary": "#0073D1",
  "white": "#FFFFFF",
  "yellow": "#F0FF02",
  "yellowHover": "#D8E320",
}
`;

exports[`(Styled Component) Color matching the snapshot 1`] = `
.c0 {
  width: 180px;
  height: 180px;
  border-radius: 10px;
  border: 1px solid #333;
}

<div
  className="c0"
/>
`;
