// Jest Snapshot v1, https://goo.gl/fbAQLP

exports[`(Styled Component) markdown matching the snapshot 1`] = `
.c2 {
  -webkit-letter-spacing: .1rem;
  -moz-letter-spacing: .1rem;
  -ms-letter-spacing: .1rem;
  letter-spacing: .1rem;
  text-transform: uppercase;
  color: #00003C;
  font-family: "din-cond","din-condensed-web",Arial,sans-serif;
  font-size: 3.2rem;
  font-weight: 500;
  line-height: 1.3;
  margin: 5.5rem 0;
}

@media (min-width:769px) {
  .c2 {
    font-size: 4.2rem;
  }
}

@media (min-width:769px) {
  .c2 {
    line-height: 1.0476190476190477;
  }
}

@media (max-width:959px) {
  .c0 .c1 {
    font-size: 3.4rem;
  }

  .c0 .sc-gGBfsJ {
    font-style: normal;
  }
}

<Styled(Component)>
  <Component
    className="c0"
  >
    <ReactMarkdown
      astPlugins={Array []}
      className="c0"
      escapeHtml={true}
      plugins={Array []}
      rawSourcePos={false}
      renderers={
        Object {
          "heading": [Function],
          "image": [Function],
          "link": [Function],
          "paragraph": [Function],
          "thematicBreak": [Function],
        }
      }
      skipHtml={false}
      source="# Heading 1"
      sourcePos={false}
      transformLinkUri={[Function]}
    >
      <Root
        className="c0"
        key="root-1-1"
      >
        <div
          className="c0"
        >
          <headerRenderer
            key="heading-1-1"
            level={1}
          >
            <styled.h1
              color="navy"
              fontSizes={
                Object {
                  "desktop": "4.2rem",
                  "mobile": "3.2rem",
                }
              }
              letterSpacing=".1rem"
              lineHeights={
                Object {
                  "desktop": 1.0476190476190477,
                  "mobile": 1.3,
                }
              }
              margin="5.5rem 0"
            >
              <h1
                className="c1 c2"
                color="navy"
                letterSpacing=".1rem"
              >
                <TextRenderer
                  key="text-1-3"
                  nodeKey="text-1-3"
                  value="Heading 1"
                >
                  Heading 1
                </TextRenderer>
              </h1>
            </styled.h1>
          </headerRenderer>
        </div>
      </Root>
    </ReactMarkdown>
  </Component>
</Styled(Component)>
`;
